EVIDENCIA DE EXECUCAO - DAG DO AIRFLOW
==================================================================
DAG........: pipeline_suporte_tecnico (schedule @daily, 9 tasks)
Airflow....: 2.10.5  |  operador: BashOperator (isolamento por processo)
Executado..: 2026-08-15 20:16
Comando....: airflow dags test pipeline_suporte_tecnico 2026-08-15
Interface..: http://localhost:8081  (usuario airflow / senha airflow)
Ambiente...: container suporte-airflow (infra/docker-compose.yml)

RESULTADO POR TASK (ordem de dependencia)
------------------------------------------------------------------
  1. ingestao                   SUCCESS
  2. processamento_atributos    SUCCESS
  3. treino_avaliacao_ml        SUCCESS
  4. carga_warehouse            SUCCESS
  5. dbt_build                  SUCCESS
  6. export_dashboard           SUCCESS
  7. publicar_bi_postgres       SUCCESS
  8. dashboard_metabase         SUCCESS
  9. upload_s3                  SUCCESS

ESTADO FINAL: SUCCESS  (9/9 tasks)

SAIDAS DO PIPELINE
------------------------------------------------------------------
  [ingestao] ok: data/raw/tickets.csv (8001 linhas)
  [ingestao] ok: data/raw/ticket_messages.jsonl (8000 linhas)
  [ingestao] ok: data/raw/ticket_events.json (213713 linhas)
  [processing] tickets_clean: (8000, 22), text: (8000, 10), logs: (8000, 4)
  [processing] ml_features: (8000, 26) -> /opt/project/data/processed/ml_features.csv
  [processing] taxa de sla_breach: 22.8%
  [warehouse] raw.tickets_clean: 8000 linhas
  [warehouse] raw.text_features: 8000 linhas
  [warehouse] raw.log_features: 8000 linhas
  [warehouse] raw.predictions: 2000 linhas
  [warehouse] DuckDB pronto em /opt/project/data/curated/warehouse.duckdb
  [dashboard] dados exportados -> /opt/project/data/curated/dashboard/dashboard_data.json
  [dashboard] KPIs: {'total_chamados': 8000.0, 'taxa_violacao_pct': 22.8, 'tempo_medio_resolucao_min': 853.1, 'tempo_medio_1a_resposta_min': 154.3, 'taxa_reabertura_pct': 10.2, 'csat_medio': 3.97}
  [bi] 1/2 carga das tabelas tratadas em raw.*
  [warehouse] Postgres pronto em postgres:5432/suporte_dw
  [bi] 2/2 dbt build no target postgres (modelos + testes)
  [bi] schema analytics publicado no Postgres (pronto para o Metabase)
  [aws] credenciais carregadas para conta 205062717345
  [aws] atualizando stack CloudFormation: suporte-sla-entrega
  [aws] stack ja estava atualizada
  [aws] bucket provisionado: s3://suporte-sla-entrega-205062717345-us-east-1
  [s3] 10 arquivos enviados para s3://suporte-sla-entrega-205062717345-us-east-1/suporte-sla/ (camadas: raw, processed, curated)
  Done. PASS=22 WARN=0 ERROR=0 SKIP=0 NO-OP=0 TOTAL=22
